// Jest Snapshot v1, https://goo.gl/fbAQLP

exports[`SearchBar should remains same when rendered for the first time 1`] = `
<DocumentFragment>
  <div
    class="search-bar"
  >
    <input
      placeholder="Enter the task name"
    />
    <button>
      Add
    </button>
  </div>
</DocumentFragment>
`;
