// Jest Snapshot v1, https://goo.gl/fbAQLP

exports[`Header should match the snapshot  1`] = `
<DocumentFragment>
  <div>
    <div
      class="flex flex-col bg-black justify-center"
    >
      <h1
        class="text-white text-lg ml-32"
      >
        The Artifact
      </h1>
      <p
        class="italic text-white text-sm ml-32"
      >
        Culture & Art Blog
      </p>
    </div>
    <div
      class="bg-black"
    >
      <div
        class="flex flex-row items-center justify-end mr-20 space-x-10"
      >
        <a
          class="italic text-sm text-white"
          href=""
        >
          Blog
        </a>
        <a
          class="italic text-sm text-white"
          href=""
        >
          About us
        </a>
        <a
          class="italic text-sm text-white"
          href=""
        >
          Contact
        </a>
      </div>
    </div>
  </div>
</DocumentFragment>
`;
