// Jest Snapshot v1, https://goo.gl/fbAQLP

exports[`Footer should match with snapshots when rendered for first time 1`] = `
<DocumentFragment>
  <div
    class="flex flex-row justify-start items-center bg-black h-24"
  >
    <p
      class="ml-32 text-white"
    >
      @artifact 2019
    </p>
  </div>
</DocumentFragment>
`;
